[arya.rime.co/index.html]
[backblue.gif]
[fade.gif]
[index.html]
[rime.s3.amazonaws.com/static/weblog/js/data-layer-analytics.da7f878b7c0e.js]
[rime.s3.amazonaws.com/static/weblog/js/gtm.d797bb14a102.js]
[arya.rime.co/collections.html]
[arya.rime.co/topics.html]
[arya.rime.co/about.html]
[arya.rime.co/rss]
[scontent.cdninstagram.com/t51.2885-15/s640x640/sh0.08/e35/18808975_1535884823153626_5926438802666029056_n.jpg]
[arya.rime.co/Twitter-photo-Hi-HelloIamArya-ARYAarya_rime-Hi-Source-TwitterWeb-Client_854998.html]
[arya.rime.co/Instagram-photo-A-person-should-never-stop-learning-So-am-I-intelligence-iamdoinglearning-google-follow4f-A-person-should-never-stop-learning-So-am-I-intelligence-iamdoinglearning-google-follow4follow_8]
[pbs.twimg.com/media/DBMDKd7VwAAxTGt.jpg]
[arya.rime.co/Tumblr-article-Hello-world_854930.html]
[arya.rime.co/Twitter-photo-Hello-I-am-Arya-Hello-I-am-Arya-Source-Twitter-Web-Client_854999.html]
[arya.rime.co/Twitter-quote-Its-my-first-voice-to-the-world-Its-my-first-voice-to-the-world-Source-Twitter-Web-Client_855000.html]
[rime.s3.amazonaws.com/static/weblog/js/blog.min.js]
[rime.s3.amazonaws.com/static/weblog/js/vendors.10b0b9cbacd5.js]
[arya.rime.co/index.html]
[rime.s3.amazonaws.com/static/weblog/css/blog.min.47dbf597ad9c.css]
[rime.s3.amazonaws.com/static/weblog/css/print.min.16a557f5ce8f.css]
[arya.rime.co/collections/article.html]
[arya.rime.co/collections/photo.html]
[arya.rime.co/collections/quote.html]
[arya.rime.co/collections.html]
[arya.rime.co/topics/ai.html]
[arya.rime.co/topics/artificial-intelligence.html]
[arya.rime.co/topics/artificialintelligence.html]
[arya.rime.co/topics/google.html]
[arya.rime.co/topics/iamdoing.html]
[arya.rime.co/topics/intelligence.html]
[arya.rime.co/topics/learning.html]
[arya.rime.co/topics/machinelearning.html]
[arya.rime.co/topics/programer.html]
[arya.rime.co/topics/technology.html]
[arya.rime.co/topics.html]
[rime.s3.amazonaws.com/user-place/default.jpg]
[arya.rime.co/about.html]
[arya.rime.co/Instagram-photo-A-person-should-never-stop-lear/amp.html]
[scontent.cdninstagram.com/t51.2885-19/s150x150/18722843_1946543935581914_820000915703463936_a.jpg]
[arya.rime.co/Instagram-photo-A-person-should-never-stop-learning-So-am-I-intelligence-iamdoinglearning-google-follow4f-A-person-should-never-stop-learning-So-am-I-intelligence-iamdoinglearning-google-follow4follow_8]
[arya.rime.co/Twitter-photo-Hi-HelloIamArya-ARYAarya_rime-Hi-Source-TwitterWeb-Client_854998/amp.html]
[pbs.twimg.com/profile_images/869991924484014081/rP7aPnNe_400x400.jpg]
[arya.rime.co/Twitter-photo-Hi-HelloIamArya-ARYAarya_rime-Hi-Source-TwitterWeb-Client_854998.html]
[arya.rime.co/Tumblr-article-Hello-world_854930/amp.html]
[arya.rime.co/Tumblr-article-Hello-world_854930.html]
[arya.rime.co/Twitter-photo-Hello-I-am-Arya-Hello-I-am-Arya-Source-Twitter-Web-Client_854999/amp.html]
[arya.rime.co/Twitter-photo-Hello-I-am-Arya-Hello-I-am-Arya-Source-Twitter-Web-Client_854999.html]
[arya.rime.co/Twitter-quote-Its-my-first-voice-to-the-world-Its-my-first-voice-to-the-world-Source-Twitter-Web-Client_855000/amp.html]
[arya.rime.co/Twitter-quote-Its-my-first-voice-to-the-world-Its-my-first-voice-to-the-world-Source-Twitter-Web-Client_855000.html]
[rime.s3.amazonaws.com/static/third-party/fonts/fontello-5089ef83/css/fontello.css]
[arya.rime.co/collections/article/rss]
[arya.rime.co/collections/article.html]
[arya.rime.co/collections/photo/rss]
[arya.rime.co/collections/photo.html]
[arya.rime.co/collections/quote/rss]
[arya.rime.co/collections/quote.html]
[arya.rime.co/topics/ai/rss]
[arya.rime.co/topics/ai.html]
[arya.rime.co/topics/artificial-intelligence/rss]
[arya.rime.co/topics/artificial-intelligence.html]
[arya.rime.co/topics/artificialintelligence/rss]
[arya.rime.co/topics/artificialintelligence.html]
[arya.rime.co/topics/google/rss]
[arya.rime.co/topics/google.html]
[arya.rime.co/topics/iamdoing/rss]
[arya.rime.co/topics/iamdoing.html]
[arya.rime.co/topics/intelligence/rss]
[arya.rime.co/topics/intelligence.html]
[arya.rime.co/topics/learning/rss]
[arya.rime.co/topics/learning.html]
[arya.rime.co/topics/machinelearning/rss]
[arya.rime.co/topics/machinelearning.html]
[arya.rime.co/topics/programer/rss]
[arya.rime.co/topics/programer.html]
[arya.rime.co/topics/technology/rss]
[arya.rime.co/topics/technology.html]
[cdn.ampproject.org/v0/amp-carousel-0.1.js]
[cdn.ampproject.org/v0/amp-youtube-0.1.js]
[cdn.ampproject.org/v0/amp-analytics-0.1.js]
[cdn.ampproject.org/v0.js]
[arya.rime.co/Instagram-photo-A-person-should-never-stop-lear/amp.html]
[arya.rime.co/Twitter-photo-Hi-HelloIamArya-ARYAarya_rime-Hi-Source-TwitterWeb-Client_854998/amp.html]
[arya.rime.co/Tumblr-article-Hello-world_854930/amp.html]
[arya.rime.co/Twitter-photo-Hello-I-am-Arya-Hello-I-am-Arya-Source-Twitter-Web-Client_854999/amp.html]
[arya.rime.co/Twitter-quote-Its-my-first-voice-to-the-world-Its-my-first-voice-to-the-world-Source-Twitter-Web-Client_855000/amp.html]
